// Jest Snapshot v1, https://goo.gl/fbAQLP

exports[`ResetPasswordEmailExpired renders correctly 1`] = `
<div
  className="resetPasswordMailExpired"
>
  Your reset password email has expired. Please go to
  <a
    href="/recover-password"
    onClick={[Function]}
  >
     Forgot password 
  </a>
  page in order to send a new mail.
</div>
`;
