// Jest Snapshot v1, https://goo.gl/fbAQLP

exports[`RecoverPassword renders correctly with default props 1`] = `
<div
  className="recoverPassword"
>
  <form
    className="form"
    onSubmit={[Function]}
  >
    <div
      className="group"
    >
      <label
        htmlFor="email"
      >
        Email
      </label>
      <input
        className="normal"
        id="email"
        name="email"
        onFocus={[Function]}
        required={true}
        type="email"
      />
    </div>
    <div
      className="actionsGroup"
    >
      <div
        className="subgroup"
      >
        <button
          className="normal sendButton"
          type="submit"
        >
          Send reset password email
        </button>
        <div>
          or go back to 
          <a
            className="link"
            href="/login"
            onClick={[Function]}
          >
             Sign in 
          </a>
        </div>
      </div>
    </div>
  </form>
</div>
`;
