// Jest Snapshot v1, https://goo.gl/fbAQLP

exports[`AccountNotActive renders correctly 1`] = `
<div
  className="accountNotActive"
>
  An account with the email 
  <div
    className="email"
  >
    account@mail.com
  </div>
   exists, but it is not active. Check your inbox for the confirmation email or please go to
  <a
    href="/resend-confirmation-email"
    onClick={[Function]}
  >
     Resend confirmation email 
  </a>
  page in order to send a new confirmation email.
</div>
`;
