// Jest Snapshot v1, https://goo.gl/fbAQLP

exports[`TermsAndConditions renders correctly 1`] = `
<div
  className="termsAndConditions"
>
  <div
    className="container"
  >
    <input
      checked={false}
      id="checkbox"
      name="checkbox"
      onChange={[Function]}
      required={true}
      type="checkbox"
    />
    <span
      className="checkmark"
      data-testid="checkbox-cover"
      onClick={[Function]}
    />
  </div>
  <div>
    I agree with the 
    <a
      href="/terms-and-conditions"
    >
      terms and conditions
    </a>
    .
  </div>
</div>
`;
