// Jest Snapshot v1, https://goo.gl/fbAQLP

exports[`InexistentAccount renders correctly 1`] = `
<div
  className="inexistentAccount"
>
  No account with the email 
  <div
    className="email"
  >
    account@mail.com
  </div>
   has been found. Please go to
  <a
    href="/register"
    onClick={[Function]}
  >
     Sign Up 
  </a>
  page in order to create an account or try again with a different email.
</div>
`;
